[spellthemes.com/demos/html-templates/ration/preview/index.html]
[backblue.gif]
[fade.gif]
[index.html]
[stackpath.bootstrapcdn.com/font-awesome/4.7.0/css/font-awesome.min.css]
[spellthemes.com/demos/html-templates/ration/preview/assets/images/logo/fav.jpg]
[spellthemes.com/demos/html-templates/ration/preview/assets/images/all-img/preloder.gif]
[spellthemes.com/demos/html-templates/ration/preview/assets/images/logo/logo.png]
[spellthemes.com/demos/html-templates/ration/preview/index-01.html]
[spellthemes.com/demos/html-templates/ration/preview/expart.html]
[spellthemes.com/demos/html-templates/ration/preview/experts-profile.html]
[spellthemes.com/demos/html-templates/ration/preview/services.html]
[spellthemes.com/demos/html-templates/ration/preview/single-services.html]
[spellthemes.com/demos/html-templates/ration/preview/gallery.html]
[spellthemes.com/demos/html-templates/ration/preview/sucess-stores.html]
[spellthemes.com/demos/html-templates/ration/preview/events.html]
[spellthemes.com/demos/html-templates/ration/preview/single-events.html]
[spellthemes.com/demos/html-templates/ration/preview/404.html]
[spellthemes.com/demos/html-templates/ration/preview/blog.html]
[spellthemes.com/demos/html-templates/ration/preview/single-standard.html]
[spellthemes.com/demos/html-templates/ration/preview/single-video.html]
[spellthemes.com/demos/html-templates/ration/preview/single-audio.html]
[spellthemes.com/demos/html-templates/ration/preview/single-gallery.html]
[spellthemes.com/demos/html-templates/ration/preview/contact.html]
[spellthemes.com/demos/html-templates/ration/preview/assets/images/all-img/health_add.png]
[spellthemes.com/demos/html-templates/ration/preview/assets/images/all-img/rec1.png]
[spellthemes.com/demos/html-templates/ration/preview/assets/images/all-img/rec2.png]
[spellthemes.com/demos/html-templates/ration/preview/assets/images/all-img/rec3.png]
[spellthemes.com/demos/html-templates/ration/preview/assets/images/all-img/rec4.png]
[spellthemes.com/demos/html-templates/ration/preview/assets/images/all-img/ex1.jpg]
[spellthemes.com/demos/html-templates/ration/preview/assets/images/all-img/ex2.jpg]
[spellthemes.com/demos/html-templates/ration/preview/assets/images/all-img/ex3.jpg]
[spellthemes.com/demos/html-templates/ration/preview/assets/images/all-img/ex4.jpg]
[spellthemes.com/demos/html-templates/ration/preview/assets/images/all-img/exr1.png]
[spellthemes.com/demos/html-templates/ration/preview/assets/images/all-img/exr2.jpg]
[spellthemes.com/demos/html-templates/ration/preview/assets/images/all-img/blog1.jpg]
[spellthemes.com/demos/html-templates/ration/preview/assets/images/all-img/blog2.jpg]
[spellthemes.com/demos/html-templates/ration/preview/assets/images/all-img/blog3.jpg]
[spellthemes.com/demos/html-templates/ration/preview/assets/images/all-img/blog4.jpg]
[spellthemes.com/demos/html-templates/ration/preview/assets/images/all-img/counter_icon1.png]
[spellthemes.com/demos/html-templates/ration/preview/assets/images/all-img/counter_icon2.png]
[spellthemes.com/demos/html-templates/ration/preview/assets/images/all-img/counter_icon3.png]
[spellthemes.com/demos/html-templates/ration/preview/assets/images/all-img/counter_icon4.png]
[spellthemes.com/demos/html-templates/ration/preview/assets/images/all-img/gal1.jpg]
[spellthemes.com/demos/html-templates/ration/preview/images/all-img/gal1.2b.delayed]
[spellthemes.com/demos/html-templates/ration/preview/assets/images/all-img/gal2.jpg]
[spellthemes.com/demos/html-templates/ration/preview/images/all-img/gal2.2d.delayed]
[spellthemes.com/demos/html-templates/ration/preview/assets/images/all-img/gal3.jpg]
[spellthemes.com/demos/html-templates/ration/preview/images/all-img/gal3.2f.delayed]
[spellthemes.com/demos/html-templates/ration/preview/assets/images/all-img/gal4.jpg]
[spellthemes.com/demos/html-templates/ration/preview/assets/images/all-img/gal5.jpg]
[spellthemes.com/demos/html-templates/ration/preview/images/all-img/gal5.32.delayed]
[spellthemes.com/demos/html-templates/ration/preview/assets/images/all-img/gal6.jpg]
[spellthemes.com/demos/html-templates/ration/preview/images/all-img/gal6.34.delayed]
[spellthemes.com/demos/html-templates/ration/preview/assets/images/all-img/gal7.jpg]
[spellthemes.com/demos/html-templates/ration/preview/images/all-img/gal7.36.delayed]
[spellthemes.com/demos/html-templates/ration/preview/assets/images/all-img/gal8.jpg]
[spellthemes.com/demos/html-templates/ration/preview/images/all-img/gal8.38.delayed]
[spellthemes.com/demos/html-templates/ration/preview/assets/images/all-img/client_reivewsm1.jpg]
[spellthemes.com/demos/html-templates/ration/preview/assets/images/all-img/client_reivewsm2.jpg]
[spellthemes.com/demos/html-templates/ration/preview/assets/images/all-img/client_reivewsm3.jpg]
[spellthemes.com/demos/html-templates/ration/preview/assets/images/all-img/clientlg1.jpg]
[spellthemes.com/demos/html-templates/ration/preview/assets/images/all-img/man1.jpg]
[spellthemes.com/demos/html-templates/ration/preview/assets/images/all-img/man2.jpg]
[spellthemes.com/demos/html-templates/ration/preview/assets/images/all-img/man3.jpg]
[spellthemes.com/demos/html-templates/ration/preview/assets/images/all-img/brands-1.png]
[spellthemes.com/demos/html-templates/ration/preview/assets/images/all-img/brands-3.png]
[spellthemes.com/demos/html-templates/ration/preview/assets/images/all-img/brands-4.png]
[spellthemes.com/demos/html-templates/ration/preview/assets/images/logo/flogo.png]
[spellthemes.com/demos/html-templates/ration/preview/assets/js/plugins.js]
[spellthemes.com/demos/html-templates/ration/preview/assets/js/app.js]
[spellthemes.com/demos/html-templates/ration/preview/index.html]
[stackpath.bootstrapcdn.com/font-awesome/4.7.0/css/font-awesome.min.css]
[spellthemes.com/demos/html-templates/ration/preview/assets/fonts/icofont.woff2]
[spellthemes.com/demos/html-templates/ration/preview/assets/fonts/icofont.woff]
[spellthemes.com/demos/html-templates/ration/preview/assets/css/owl.video.play.48.delayed]
[spellthemes.com/demos/html-templates/ration/preview/assets/css/ajax-loader.49.delayed]
[spellthemes.com/demos/html-templates/ration/preview/assets/css/fonts/slick.4a.delayed]
[spellthemes.com/demos/html-templates/ration/preview/assets/css/fonts/slick.4bd41d.delayed]
[spellthemes.com/demos/html-templates/ration/preview/assets/css/fonts/slick.4c.delayed]
[spellthemes.com/demos/html-templates/ration/preview/assets/css/fonts/slick.4d.delayed]
[spellthemes.com/demos/html-templates/ration/preview/assets/css/fonts/slick.4e.delayed]
[spellthemes.com/demos/html-templates/ration/preview/assets/css/plugins.css]
[spellthemes.com/demos/html-templates/ration/preview/assets/images/shape/shape-1.png]
[spellthemes.com/demos/html-templates/ration/preview/assets/css/app.css]
[spellthemes.com/demos/html-templates/ration/preview/assets/images/all-img/blog3m.jpg]
[spellthemes.com/demos/html-templates/ration/preview/assets/images/all-img/blog4m.jpg]
[spellthemes.com/demos/html-templates/ration/preview/assets/images/all-img/blg5m.jpg]
[spellthemes.com/demos/html-templates/ration/preview/assets/images/all-img/blog6m.jpg]
[spellthemes.com/demos/html-templates/ration/preview/index-01.html]
[spellthemes.com/demos/html-templates/ration/preview/expart.html]
[spellthemes.com/demos/html-templates/ration/preview/assets/images/all-img/singleprofileex.jpg]
[spellthemes.com/demos/html-templates/ration/preview/experts-profile.html]
[spellthemes.com/demos/html-templates/ration/preview/services.html]
[spellthemes.com/demos/html-templates/ration/preview/assets/images/all-img/serviceD.jpg]
[spellthemes.com/demos/html-templates/ration/preview/single-services.html]
[spellthemes.com/demos/html-templates/ration/preview/assets/images/gallery/g1.jpg]
[spellthemes.com/demos/html-templates/ration/preview/images/gallery/g1.58.delayed]
[spellthemes.com/demos/html-templates/ration/preview/assets/images/gallery/g2.jpg]
[spellthemes.com/demos/html-templates/ration/preview/images/gallery/g2.5a.delayed]
[spellthemes.com/demos/html-templates/ration/preview/assets/images/gallery/g3.jpg]
[spellthemes.com/demos/html-templates/ration/preview/images/gallery/g3.5c.delayed]
[spellthemes.com/demos/html-templates/ration/preview/assets/images/gallery/g4.jpg]
[spellthemes.com/demos/html-templates/ration/preview/images/gallery/g4.5e.delayed]
[spellthemes.com/demos/html-templates/ration/preview/assets/images/gallery/g5.jpg]
[spellthemes.com/demos/html-templates/ration/preview/images/gallery/g5.60.delayed]
[spellthemes.com/demos/html-templates/ration/preview/assets/images/gallery/g6.jpg]
[spellthemes.com/demos/html-templates/ration/preview/images/gallery/g6.62.delayed]
[spellthemes.com/demos/html-templates/ration/preview/assets/images/gallery/g7.jpg]
[spellthemes.com/demos/html-templates/ration/preview/images/gallery/g7.64.delayed]
[spellthemes.com/demos/html-templates/ration/preview/assets/images/gallery/g8.jpg]
[spellthemes.com/demos/html-templates/ration/preview/images/gallery/g8.66.delayed]
[spellthemes.com/demos/html-templates/ration/preview/assets/images/gallery/g9.jpg]
[spellthemes.com/demos/html-templates/ration/preview/images/gallery/g9.68.delayed]
[spellthemes.com/demos/html-templates/ration/preview/assets/images/gallery/g10.jpg]
[spellthemes.com/demos/html-templates/ration/preview/images/gallery/g10.6a.delayed]
[spellthemes.com/demos/html-templates/ration/preview/assets/images/gallery/g11.jpg]
[spellthemes.com/demos/html-templates/ration/preview/images/gallery/g11.6c.delayed]
[spellthemes.com/demos/html-templates/ration/preview/assets/images/gallery/g12.jpg]
[spellthemes.com/demos/html-templates/ration/preview/images/gallery/g12.6e.delayed]
[spellthemes.com/demos/html-templates/ration/preview/gallery.html]
[spellthemes.com/demos/html-templates/ration/preview/assets/images/all-img/videoox.jpg]
[spellthemes.com/demos/html-templates/ration/preview/sucess-stores.html]
[spellthemes.com/demos/html-templates/ration/preview/assets/images/all-img/ev1.jpg]
[spellthemes.com/demos/html-templates/ration/preview/assets/images/all-img/ev2.jpg]
[spellthemes.com/demos/html-templates/ration/preview/assets/images/all-img/ev3.jpg]
[spellthemes.com/demos/html-templates/ration/preview/assets/images/all-img/ev4.jpg]
[spellthemes.com/demos/html-templates/ration/preview/assets/images/all-img/ev5.jpg]
[spellthemes.com/demos/html-templates/ration/preview/assets/images/all-img/ev6.jpg]
[spellthemes.com/demos/html-templates/ration/preview/events.html]
[spellthemes.com/demos/html-templates/ration/preview/assets/images/all-img/eventlg.jpg]
[spellthemes.com/demos/html-templates/ration/preview/single-events.html]
[spellthemes.com/demos/html-templates/ration/preview/assets/images/all-img/404.png]
[spellthemes.com/demos/html-templates/ration/preview/404.html]
[spellthemes.com/demos/html-templates/ration/preview/assets/images/all-img/blogmain2.jpg]
[spellthemes.com/demos/html-templates/ration/preview/assets/images/all-img/blogmain4.jpg]
[spellthemes.com/demos/html-templates/ration/preview/assets/images/all-img/blogmain1.jpg]
[spellthemes.com/demos/html-templates/ration/preview/assets/images/all-img/blogmain3.jpg]
[spellthemes.com/demos/html-templates/ration/preview/assets/images/all-img/blogmain7.jpg]
[spellthemes.com/demos/html-templates/ration/preview/blog.html]
[spellthemes.com/demos/html-templates/ration/preview/assets/images/all-img/blogd.jpg]
[spellthemes.com/demos/html-templates/ration/preview/assets/images/all-img/comments1.jpg]
[spellthemes.com/demos/html-templates/ration/preview/assets/images/all-img/comments2.jpg]
[spellthemes.com/demos/html-templates/ration/preview/assets/images/all-img/minip1.jpg]
[spellthemes.com/demos/html-templates/ration/preview/assets/images/all-img/minip2.jpg]
[spellthemes.com/demos/html-templates/ration/preview/assets/images/all-img/minigallery1.jpg]
[spellthemes.com/demos/html-templates/ration/preview/assets/images/all-img/minigallery2.jpg]
[spellthemes.com/demos/html-templates/ration/preview/assets/images/all-img/minigallery3.jpg]
[spellthemes.com/demos/html-templates/ration/preview/assets/images/all-img/minigallery4.jpg]
[spellthemes.com/demos/html-templates/ration/preview/assets/images/all-img/minigallery6.jpg]
[spellthemes.com/demos/html-templates/ration/preview/assets/images/logo/flogo.87.delayed]
[spellthemes.com/demos/html-templates/ration/preview/single-standard.html]
[spellthemes.com/demos/html-templates/ration/preview/single-video.html]
[spellthemes.com/demos/html-templates/ration/preview/single-audio.html]
[spellthemes.com/demos/html-templates/ration/preview/assets/images/all-img/blogd2.jpg]
[spellthemes.com/demos/html-templates/ration/preview/assets/images/all-img/blogd3.jpg]
[spellthemes.com/demos/html-templates/ration/preview/single-gallery.html]
[spellthemes.com/demos/html-templates/ration/preview/assets/images/all-img/conimg.jpg]
[spellthemes.com/demos/html-templates/ration/preview/contact.html]
[spellthemes.com/demos/html-templates/ration/preview/images/all-img/gal1.html]
[spellthemes.com/demos/html-templates/ration/preview/images/all-img/gal2.html]
[spellthemes.com/demos/html-templates/ration/preview/images/all-img/gal3.html]
[spellthemes.com/demos/html-templates/ration/preview/images/all-img/gal5.html]
[spellthemes.com/demos/html-templates/ration/preview/images/all-img/gal6.html]
[spellthemes.com/demos/html-templates/ration/preview/images/all-img/gal7.html]
[spellthemes.com/demos/html-templates/ration/preview/images/all-img/gal8.html]
[spellthemes.com/demos/html-templates/ration/preview/assets/css/owl.video.play.html]
[spellthemes.com/demos/html-templates/ration/preview/assets/css/ajax-loader.html]
[spellthemes.com/demos/html-templates/ration/preview/assets/css/fonts/slick.html]
[spellthemes.com/demos/html-templates/ration/preview/assets/css/fonts/slickd41d.html]
[spellthemes.com/demos/html-templates/ration/preview/assets/css/fonts/slick-2.html]
[spellthemes.com/demos/html-templates/ration/preview/assets/css/fonts/slick-3.html]
[spellthemes.com/demos/html-templates/ration/preview/assets/css/fonts/slick-4.html]
[spellthemes.com/demos/html-templates/ration/preview/assets/fonts/Flaticon.eot]
[spellthemes.com/demos/html-templates/ration/preview/assets/fonts/Flaticond41d.eot]
[spellthemes.com/demos/html-templates/ration/preview/assets/fonts/Flaticon.woff]
[spellthemes.com/demos/html-templates/ration/preview/assets/fonts/Flaticon.ttf]
[spellthemes.com/demos/html-templates/ration/preview/assets/fonts/flaticon.css]
[spellthemes.com/demos/html-templates/ration/preview/images/gallery/g1.html]
[spellthemes.com/demos/html-templates/ration/preview/images/gallery/g2.html]
[spellthemes.com/demos/html-templates/ration/preview/images/gallery/g3.html]
[spellthemes.com/demos/html-templates/ration/preview/images/gallery/g4.html]
[spellthemes.com/demos/html-templates/ration/preview/images/gallery/g5.html]
[spellthemes.com/demos/html-templates/ration/preview/images/gallery/g6.html]
[spellthemes.com/demos/html-templates/ration/preview/images/gallery/g7.html]
[spellthemes.com/demos/html-templates/ration/preview/images/gallery/g8.html]
[spellthemes.com/demos/html-templates/ration/preview/images/gallery/g9.html]
[spellthemes.com/demos/html-templates/ration/preview/images/gallery/g10.html]
[spellthemes.com/demos/html-templates/ration/preview/images/gallery/g11.html]
[spellthemes.com/demos/html-templates/ration/preview/images/gallery/g12.html]
[spellthemes.com/demos/html-templates/ration/preview/assets/images/logo/flogo.html]
[spellthemes.com/demos/html-templates/ration/preview/assets/fonts/Flaticon.svg]
